// Jest Snapshot v1, https://goo.gl/fbAQLP

exports[`app | components | Mission | component render should match snapshot 1`] = `
<styled.form
  id="missionForm"
  onSubmit={[Function]}
>
  <Styled(FormField)
    errors={Object {}}
    field={
      Object {
        "component": [Function],
        "label": "Name",
        "name": "name",
        "required": true,
        "validate": StringSchema {
          "_blacklist": Set {},
          "_conditions": Array [],
          "_deps": Array [],
          "_exclusive": Object {},
          "_mutate": false,
          "_options": Object {
            "abortEarly": true,
            "recursive": true,
          },
          "_type": "string",
          "_typeError": [Function],
          "_whitelist": Set {},
          "tests": Array [],
          "transforms": Array [
            [Function],
          ],
        },
      }
    }
    setFieldTouched={[Function]}
    setFieldValue={[Function]}
    touched={Object {}}
    values={
      Object {
        "allowWeekends": "doNotAllow",
        "billedTarget": "client",
        "clientId": undefined,
        "managerId": undefined,
        "name": undefined,
        "note": undefined,
        "partnerId": undefined,
        "timesheetUnit": "day",
      }
    }
  />
  <Styled(FormField)
    errors={Object {}}
    field={
      Object {
        "component": [Function],
        "label": "Client",
        "name": "clientId",
        "required": true,
        "validate": StringSchema {
          "_blacklist": Set {},
          "_conditions": Array [],
          "_deps": Array [],
          "_exclusive": Object {},
          "_mutate": false,
          "_options": Object {
            "abortEarly": true,
            "recursive": true,
          },
          "_type": "string",
          "_typeError": [Function],
          "_whitelist": Set {},
          "tests": Array [],
          "transforms": Array [
            [Function],
          ],
        },
      }
    }
    setFieldTouched={[Function]}
    setFieldValue={[Function]}
    touched={Object {}}
    values={
      Object {
        "allowWeekends": "doNotAllow",
        "billedTarget": "client",
        "clientId": undefined,
        "managerId": undefined,
        "name": undefined,
        "note": undefined,
        "partnerId": undefined,
        "timesheetUnit": "day",
      }
    }
  />
  <Styled(FormField)
    errors={Object {}}
    field={
      Object {
        "component": [Function],
        "label": "Partner",
        "name": "partnerId",
        "validate": StringSchema {
          "_blacklist": Set {},
          "_conditions": Array [],
          "_deps": Array [],
          "_exclusive": Object {},
          "_mutate": false,
          "_options": Object {
            "abortEarly": true,
            "recursive": true,
          },
          "_type": "string",
          "_typeError": [Function],
          "_whitelist": Set {},
          "tests": Array [],
          "transforms": Array [
            [Function],
          ],
        },
      }
    }
    setFieldTouched={[Function]}
    setFieldValue={[Function]}
    touched={Object {}}
    values={
      Object {
        "allowWeekends": "doNotAllow",
        "billedTarget": "client",
        "clientId": undefined,
        "managerId": undefined,
        "name": undefined,
        "note": undefined,
        "partnerId": undefined,
        "timesheetUnit": "day",
      }
    }
  />
  <Styled(FormField)
    errors={Object {}}
    field={
      Object {
        "component": [Function],
        "defaultValue": "client",
        "domainValues": Array [
          Object {
            "id": "partner",
            "value": "Partner",
          },
          Object {
            "id": "client",
            "value": "Client",
          },
        ],
        "label": "Billed Target",
        "name": "billedTarget",
        "required": true,
        "validate": StringSchema {
          "_blacklist": Set {},
          "_conditions": Array [],
          "_deps": Array [],
          "_exclusive": Object {},
          "_mutate": false,
          "_options": Object {
            "abortEarly": true,
            "recursive": true,
          },
          "_type": "string",
          "_typeError": [Function],
          "_whitelist": Set {},
          "tests": Array [],
          "transforms": Array [
            [Function],
          ],
        },
      }
    }
    setFieldTouched={[Function]}
    setFieldValue={[Function]}
    touched={Object {}}
    values={
      Object {
        "allowWeekends": "doNotAllow",
        "billedTarget": "client",
        "clientId": undefined,
        "managerId": undefined,
        "name": undefined,
        "note": undefined,
        "partnerId": undefined,
        "timesheetUnit": "day",
      }
    }
  />
  <Styled(FormField)
    errors={Object {}}
    field={
      Object {
        "component": [Function],
        "label": "Manager",
        "name": "managerId",
        "required": true,
        "validate": StringSchema {
          "_blacklist": Set {},
          "_conditions": Array [],
          "_deps": Array [],
          "_exclusive": Object {},
          "_mutate": false,
          "_options": Object {
            "abortEarly": true,
            "recursive": true,
          },
          "_type": "string",
          "_typeError": [Function],
          "_whitelist": Set {},
          "tests": Array [],
          "transforms": Array [
            [Function],
          ],
        },
      }
    }
    setFieldTouched={[Function]}
    setFieldValue={[Function]}
    touched={Object {}}
    values={
      Object {
        "allowWeekends": "doNotAllow",
        "billedTarget": "client",
        "clientId": undefined,
        "managerId": undefined,
        "name": undefined,
        "note": undefined,
        "partnerId": undefined,
        "timesheetUnit": "day",
      }
    }
  />
  <Styled(FormField)
    errors={Object {}}
    field={
      Object {
        "component": [Function],
        "label": "Note",
        "name": "note",
        "validate": StringSchema {
          "_blacklist": Set {},
          "_conditions": Array [],
          "_deps": Array [],
          "_exclusive": Object {},
          "_mutate": false,
          "_options": Object {
            "abortEarly": true,
            "recursive": true,
          },
          "_type": "string",
          "_typeError": [Function],
          "_whitelist": Set {},
          "tests": Array [],
          "transforms": Array [
            [Function],
          ],
        },
      }
    }
    setFieldTouched={[Function]}
    setFieldValue={[Function]}
    touched={Object {}}
    values={
      Object {
        "allowWeekends": "doNotAllow",
        "billedTarget": "client",
        "clientId": undefined,
        "managerId": undefined,
        "name": undefined,
        "note": undefined,
        "partnerId": undefined,
        "timesheetUnit": "day",
      }
    }
  />
  <Styled(FormField)
    errors={Object {}}
    field={
      Object {
        "component": [Function],
        "defaultValue": "doNotAllow",
        "domainValues": Array [
          Object {
            "id": "allow",
            "value": "Allow",
          },
          Object {
            "id": "doNotAllow",
            "value": "Do not Allow",
          },
        ],
        "label": "Allow Weekends",
        "name": "allowWeekends",
        "validate": StringSchema {
          "_blacklist": Set {},
          "_conditions": Array [],
          "_deps": Array [],
          "_exclusive": Object {},
          "_mutate": false,
          "_options": Object {
            "abortEarly": true,
            "recursive": true,
          },
          "_type": "string",
          "_typeError": [Function],
          "_whitelist": Set {},
          "tests": Array [],
          "transforms": Array [
            [Function],
          ],
        },
      }
    }
    setFieldTouched={[Function]}
    setFieldValue={[Function]}
    touched={Object {}}
    values={
      Object {
        "allowWeekends": "doNotAllow",
        "billedTarget": "client",
        "clientId": undefined,
        "managerId": undefined,
        "name": undefined,
        "note": undefined,
        "partnerId": undefined,
        "timesheetUnit": "day",
      }
    }
  />
</styled.form>
`;
