// Jest Snapshot v1, https://goo.gl/fbAQLP

exports[`<PreviewContainer /> should render a <PreviewContainer /> 1`] = `
.c0 {
  cursor: default !important;
  width: 300px;
  display: -webkit-box;
  display: -webkit-flex;
  display: -ms-flexbox;
  display: flex;
  padding: 10px;
  padding-left: 15px;
  padding-right: 15px;
  -webkit-flex-direction: column;
  -ms-flex-direction: column;
  flex-direction: column;
  -webkit-box-pack: center;
  -webkit-justify-content: center;
  -ms-flex-pack: center;
  justify-content: center;
  -webkit-align-items: space-between;
  -webkit-box-align: space-between;
  -ms-flex-align: space-between;
  align-items: space-between;
  border: 1px solid rgba(49,65,77,0.5);
  border-radius: 1px;
}

<div
  className="c0"
/>
`;
