// Jest Snapshot v1, https://goo.gl/fbAQLP

exports[`<Tag /> should render a <Tag /> 1`] = `
.c0 {
  overflow: hidden;
  text-overflow: ellipsis;
  cursor: pointer;
  margin: 3px;
  background-color: #394B59;
  border-radius: 3px;
  font-size: 0.8em;
  padding: 4px;
  padding-left: 8px;
  padding-right: 8px;
  box-shadow: 0 1px 0 rgba(0,0,0,0.07);
}

<div
  className="c0"
/>
`;
